// Vitest Snapshot v1, https://vitest.dev/guide/snapshot.html

exports[`Basic Transform Tests > ignores invalid URLs and Paths 1`] = `
"import { preview } from "@nocojs/client";
const img0 = preview("/invalid-url.jpg");
const img1 = preview("file:///invalid-path.jpg");
const img2 = preview("https://example.com/invalid-image.jpg");
const img3 = "data:image/png;base64,iVBORw0KGgoAAAANSUhEUgAAABAAAAAUCAIAAAALACogAAADp0lEQVR4Ae3AA6AkWZbG8f937o3IzKdyS2Oubdu2bdu2bdu2bWmMnpZKr54yMyLu+Xa3anqmhztr1a/ahuR+pnGZzHMyAFRI0wDZgACwDcnzQYVBYBsnNAAQkMnzsKhMKyQ84YQGYGOjxMFzklTJJTRlw41skHZT2l4LgVBBgkCJozLu0SbnpGzkSEut9pkf++ZP+OC7nvZ3n/f9P+ON6wCpAKhURtxC2WGxPnqfN36Dd3uta8/v7213pz7vx/6I2RlNiT20aRza0TTVb/39+/7qtvv+7Gm33jn51X7pM//yqav3fod3ZfWDX/0TT/ntP3nF8im/e9/+qrX2Kg950B17h7urtT70h/9iJh+u2mMffN3Jjf7vPunhf/bXi9d+1Qd/zy/8+c/+zi//4vCwn/yln32Nl3vVGKff+Is/u/aGB8VLX3vs0deeesSZ4zOVs5cuTcP4mV/8hU+59W+vnZdbf+yTnvh3f1aW+7/9O7/xkBuOv+VrveorPeza0r3Y6/z6b/7cbXfdtj/Vv/vz39r7s1993ON/55f/+ujlHzF/7Ve84RdWL3PfrU85uudpf/i3/zCM035blAe/5tucOHH93tHq0u6546cf9KaL373jzt2Hvuq7PPkv/+rR108Pfszr8qBXfsmXf40T1z14c7H96IfeVN/xdV5lYz47t3e06OJwuY5bH3J+ee7aZ/z0rHD3+eXLHR8f82KP2NyYn5rHia0up1GPv3P38XedXS+HF7vldK/2Ax/62rvn73rw9Yuze9NT7rj4Gi/2oLf6uj+//cLhU85duOb4DbP5ls5e3L39/PpSHluvxkHl8PDwZz7gQcevuamW6SVf+93Gv/7BxYf94eaikquHnd5x6eJJF7eOdHLMuOWaxYnNbtnWj7hx6+Pe7c3f6usf/5Jv+QF/c/vhw3bKpLK5ff3J01s/+5d3xt8/7Z7TW/zOn/7Vbz91efPxPNPNH/7hv/XXZ/Pgabc+6am7Fw79q1/9Ucfz4MlPfvLP/t7TcjXU2/b0c39+3xOeeudUF9985+aDtpVHew9908/45q/6qhPX3/Kh3/m3Wz0/+8u/uXXtQ2PzhNfr8opv+A7v/nqPfoUXe8TT7z56+1d6yN33nHvQLQ/668ff8ZZv+5bXnLrxx37yl+5cdWduuuWWWx6yHt3FVN7mgz7rsdcvau0edfP8wr47D8+49+wd913a3d275vT27Mwtd/7KV9z2d7/7sg/XU3/9Jx7rf/hHJDSs73ctbHMAAAAASUVORK5CYII=";
"
`;

exports[`Basic Transform Tests > transforms with custom cache dir 1`] = `
"import { preview } from "@nocojs/client";
let img = "data:image/png;base64,iVBORw0KGgoAAAANSUhEUgAAABAAAAAYCAIAAAB8wupbAAAEo0lEQVR4AQGYBGf7ALGfh9TCqsWzm7ejiLigholxV8y0msy0msqymLCYfqWNc62ZfpqGa7CYfraehKiQdgDYx628r43ArJPGsprQvKSmknfTvaW4o4S1ooTawqjmzrTKuKLCqo6lkYajkH+nj3MABgcLAAUAAgABDwoOBAADBQIAEBEWAAMGn456xKyS38etjYN3AwAHCQoFwqmLmoBvAAICAgUFBQQEBAUFBQAAAAEBAQUECgQEBAEABRQPCwIAAQABAAABAJ2EcKyUeLKZgwACAgIGBgYGBgYHBwcFAwQHAwQZEhoWFhYMDAwAAAAGBgYFBQU0MzgKCxACAwgLAgAABwcJDQwREA8UKysrAgIEMzI3AgEGFRQZDAwMCgoKAQEBBAQEEhEWERETDAwMDg4OAAYFCgUECRgXHA0MERIRFggHDAgDCUdARyEgJR4dIhUUGRUUGQICAgMDAxcXFwAAAAAREBUjIiciISYWFRpAP0RFREkbFhxJQklGRUpAP0QeHSI0MzgUFBQBAQEEBAQODg4ADAsQExIXKCcsJyYrIiEmAAAEBwYLGxofCAcMHh0iCwoPLSwxAQEBDAwMAwMDAAAAABUUGRMSFxcWGwIBBjAvNBkYHQAAAEpFSTErLQMDBRcWGysqLwUDBE5MTQEBAQAAAAAeHSIiISYGBQovKC8GCg0DAgcDBAY3LCo8Li0zNDYYFxw6OT4QEBAZGRkAAgEABAoAFhUaHx4jCgkOTEVMKCktAAAEDAsJAwQJYFRWMjM1OTc8FBMYBgYGBAQEBAABBgAAAAcGCxkYHQYFCg0IDggGCwUECQUJCBIHCyImKTw6Py8qMAwLEAkJCQICAg8KBEw6JgADAwUJCA0WFRodHCEWFhgEBAQAAAAVFRUJCQlOQ0keHSIFBAkWFRoJCQsmIheMemIAHx4jCQgNJiUqFBMYEhEWDQwRDw4UAgICBQECTkpLKSUmGhkfERERISIkBAMBDwMHAAcBDRkOEi4tNRMTFRAPFBoZHh8eIxUUGQ8LDFpWVwwICRoaGgAAAAICAgkTFDIlHACskX57alhFOy86OEUhICUODRIUExgLCg8FAQJNSUowLC0gICAZGRkBAQFKPDFsVzoAnYt1vayamoZuHBcbKikuNDM4Hx4kAQEBAwMDAAAACAgIHBwcAAAFKRwUkoJrspmFAMKuk7yojb6qj6SShj0+QgwLEA8OFA8LDAYCABMSEAEBARAPFAcGBFU7Krujia6WfAC4oIbAqI7OvKbq1L0HBQgVFBkLChAAAAAIBQxLODE3LywLBgwqIx2vlXysk32bg2kAqI95qZR5tJ+Kr5uDrZaEKSkzBAMIAAAEAgIEZ1VBnYlupJB4n4dtpI90qJB4jHRaANK5o62Zfr+qlb6qkpB6YgEECQgHDA0MEQAABI99Z825nqyXfK6WfMevlbefhaaOdAChiHK+pY/OtZ+qkXvGtZsLBwAXFhsCAQYFAwSpmYC4qI+/qZLHrpiwl4GtnYS3nogAk35hrJd4pI9wnYhpv6qNnYh1mId9CAAAk4N0tqGCu6aHoItsoY5ukn1er59+mYRl5nIONInhO2cAAAAASUVORK5CYII=";
"
`;

exports[`Basic Transform Tests > transforms with custom publicDir 1`] = `
"import { preview } from "@nocojs/client";
let img = "data:image/png;base64,iVBORw0KGgoAAAANSUhEUgAAABAAAAAUCAIAAAALACogAAADp0lEQVR4Ae3AA6AkWZbG8f937o3IzKdyS2Oubdu2bdu2bdu2bWmMnpZKr54yMyLu+Xa3anqmhztr1a/ahuR+pnGZzHMyAFRI0wDZgACwDcnzQYVBYBsnNAAQkMnzsKhMKyQ84YQGYGOjxMFzklTJJTRlw41skHZT2l4LgVBBgkCJozLu0SbnpGzkSEut9pkf++ZP+OC7nvZ3n/f9P+ON6wCpAKhURtxC2WGxPnqfN36Dd3uta8/v7213pz7vx/6I2RlNiT20aRza0TTVb/39+/7qtvv+7Gm33jn51X7pM//yqav3fod3ZfWDX/0TT/ntP3nF8im/e9/+qrX2Kg950B17h7urtT70h/9iJh+u2mMffN3Jjf7vPunhf/bXi9d+1Qd/zy/8+c/+zi//4vCwn/yln32Nl3vVGKff+Is/u/aGB8VLX3vs0deeesSZ4zOVs5cuTcP4mV/8hU+59W+vnZdbf+yTnvh3f1aW+7/9O7/xkBuOv+VrveorPeza0r3Y6/z6b/7cbXfdtj/Vv/vz39r7s1993ON/55f/+ujlHzF/7Ve84RdWL3PfrU85uudpf/i3/zCM035blAe/5tucOHH93tHq0u6546cf9KaL373jzt2Hvuq7PPkv/+rR108Pfszr8qBXfsmXf40T1z14c7H96IfeVN/xdV5lYz47t3e06OJwuY5bH3J+ee7aZ/z0rHD3+eXLHR8f82KP2NyYn5rHia0up1GPv3P38XedXS+HF7vldK/2Ax/62rvn73rw9Yuze9NT7rj4Gi/2oLf6uj+//cLhU85duOb4DbP5ls5e3L39/PpSHluvxkHl8PDwZz7gQcevuamW6SVf+93Gv/7BxYf94eaikquHnd5x6eJJF7eOdHLMuOWaxYnNbtnWj7hx6+Pe7c3f6usf/5Jv+QF/c/vhw3bKpLK5ff3J01s/+5d3xt8/7Z7TW/zOn/7Vbz91efPxPNPNH/7hv/XXZ/Pgabc+6am7Fw79q1/9Ucfz4MlPfvLP/t7TcjXU2/b0c39+3xOeeudUF9985+aDtpVHew9908/45q/6qhPX3/Kh3/m3Wz0/+8u/uXXtQ2PzhNfr8opv+A7v/nqPfoUXe8TT7z56+1d6yN33nHvQLQ/668ff8ZZv+5bXnLrxx37yl+5cdWduuuWWWx6yHt3FVN7mgz7rsdcvau0edfP8wr47D8+49+wd913a3d275vT27Mwtd/7KV9z2d7/7sg/XU3/9Jx7rf/hHJDSs73ctbHMAAAAASUVORK5CYII=";
"
`;

exports[`Basic Transform Tests > transforms with no options 1`] = `
"import { preview } from "@nocojs/client";
let img = "data:image/png;base64,iVBORw0KGgoAAAANSUhEUgAAABAAAAAYCAIAAAB8wupbAAAEo0lEQVR4AQGYBGf7ALGfh9TCqsWzm7ejiLigholxV8y0msy0msqymLCYfqWNc62ZfpqGa7CYfraehKiQdgDYx628r43ArJPGsprQvKSmknfTvaW4o4S1ooTawqjmzrTKuKLCqo6lkYajkH+nj3MABgcLAAUAAgABDwoOBAADBQIAEBEWAAMGn456xKyS38etjYN3AwAHCQoFwqmLmoBvAAICAgUFBQQEBAUFBQAAAAEBAQUECgQEBAEABRQPCwIAAQABAAABAJ2EcKyUeLKZgwACAgIGBgYGBgYHBwcFAwQHAwQZEhoWFhYMDAwAAAAGBgYFBQU0MzgKCxACAwgLAgAABwcJDQwREA8UKysrAgIEMzI3AgEGFRQZDAwMCgoKAQEBBAQEEhEWERETDAwMDg4OAAYFCgUECRgXHA0MERIRFggHDAgDCUdARyEgJR4dIhUUGRUUGQICAgMDAxcXFwAAAAAREBUjIiciISYWFRpAP0RFREkbFhxJQklGRUpAP0QeHSI0MzgUFBQBAQEEBAQODg4ADAsQExIXKCcsJyYrIiEmAAAEBwYLGxofCAcMHh0iCwoPLSwxAQEBDAwMAwMDAAAAABUUGRMSFxcWGwIBBjAvNBkYHQAAAEpFSTErLQMDBRcWGysqLwUDBE5MTQEBAQAAAAAeHSIiISYGBQovKC8GCg0DAgcDBAY3LCo8Li0zNDYYFxw6OT4QEBAZGRkAAgEABAoAFhUaHx4jCgkOTEVMKCktAAAEDAsJAwQJYFRWMjM1OTc8FBMYBgYGBAQEBAABBgAAAAcGCxkYHQYFCg0IDggGCwUECQUJCBIHCyImKTw6Py8qMAwLEAkJCQICAg8KBEw6JgADAwUJCA0WFRodHCEWFhgEBAQAAAAVFRUJCQlOQ0keHSIFBAkWFRoJCQsmIheMemIAHx4jCQgNJiUqFBMYEhEWDQwRDw4UAgICBQECTkpLKSUmGhkfERERISIkBAMBDwMHAAcBDRkOEi4tNRMTFRAPFBoZHh8eIxUUGQ8LDFpWVwwICRoaGgAAAAICAgkTFDIlHACskX57alhFOy86OEUhICUODRIUExgLCg8FAQJNSUowLC0gICAZGRkBAQFKPDFsVzoAnYt1vayamoZuHBcbKikuNDM4Hx4kAQEBAwMDAAAACAgIHBwcAAAFKRwUkoJrspmFAMKuk7yojb6qj6SShj0+QgwLEA8OFA8LDAYCABMSEAEBARAPFAcGBFU7Krujia6WfAC4oIbAqI7OvKbq1L0HBQgVFBkLChAAAAAIBQxLODE3LywLBgwqIx2vlXysk32bg2kAqI95qZR5tJ+Kr5uDrZaEKSkzBAMIAAAEAgIEZ1VBnYlupJB4n4dtpI90qJB4jHRaANK5o62Zfr+qlb6qkpB6YgEECQgHDA0MEQAABI99Z825nqyXfK6WfMevlbefhaaOdAChiHK+pY/OtZ+qkXvGtZsLBwAXFhsCAQYFAwSpmYC4qI+/qZLHrpiwl4GtnYS3nogAk35hrJd4pI9wnYhpv6qNnYh1mId9CAAAk4N0tqGCu6aHoItsoY5ukn1er59+mYRl5nIONInhO2cAAAAASUVORK5CYII=";
"
`;
